#0 building with "desktop-linux" instance using docker driver

#1 [internal] load build definition from Dockerfile
#1 transferring dockerfile: 806B done
#1 DONE 0.0s

#2 [internal] load metadata for docker.io/freqtradeorg/freqtrade:stable
#2 DONE 0.3s

#3 [internal] load .dockerignore
#3 transferring context: 2B done
#3 DONE 0.0s

#4 [1/5] FROM docker.io/freqtradeorg/freqtrade:stable@sha256:348003dbdf44cab62868f57a6d9e61c1d3faf7c196e7136a07ce7629cb8cd0a7
#4 resolve docker.io/freqtradeorg/freqtrade:stable@sha256:348003dbdf44cab62868f57a6d9e61c1d3faf7c196e7136a07ce7629cb8cd0a7 0.0s done
#4 DONE 0.2s

#5 [internal] load build context
#5 ...

#6 [2/5] WORKDIR /freqtrade
#6 DONE 0.1s

#5 [internal] load build context
#5 transferring context: 334.09MB 5.1s
#5 transferring context: 495.02MB 7.0s done
#5 DONE 7.0s

#7 [3/5] COPY ./user_data /freqtrade/user_data
#7 DONE 4.2s

#8 [4/5] COPY startup.sh /freqtrade/startup.sh
#8 DONE 0.1s

#9 [5/5] RUN mkdir -p ./user_data/logs &&     chmod -R 777 ./user_data &&     chmod +x /freqtrade/startup.sh &&     chown -R ftuser:ftuser ./user_data
#9 DONE 4.6s

#10 exporting to image
#10 exporting layers
#10 exporting layers 19.4s done
#10 exporting manifest sha256:d5b487ed8de67bb63ac5a5529a9b10801826e6819439d369690f132d03f73fb9 done
#10 exporting config sha256:a876eb7468c5ef05123db60f946b35aacc93eab5a19aa6d482bed510f8767767 done
#10 exporting attestation manifest sha256:15c45ae9906377ea51c4f9860b0db488e866f41e52da7d0ed10eec767adcb1bc 0.0s done
#10 exporting manifest list sha256:7020a2a6ab4f497f39aeec743c5db668380dac7055e3bd3a5fc06c42b2d5e8b8 done
#10 naming to docker.io/library/freqtrade-test:latest 0.0s done
#10 unpacking to docker.io/library/freqtrade-test:latest
#10 unpacking to docker.io/library/freqtrade-test:latest 10.0s done
#10 DONE 29.5s

View build details: docker-desktop://dashboard/build/desktop-linux/desktop-linux/eyh3cx8hjk6ivgqruvmq0qves
